[2026-07-24T08:04:04.922Z] [INFO] Starting EduTrack Enterprise Migration Framework...
[2026-07-24T08:04:04.923Z] [PLAN] DRY-RUN MODE ACTIVATED. No database modifications will occur.
[2026-07-24T08:04:04.924Z] [INFO] PostgreSQL driver (pg) not dynamically loaded. Running in static validation mode.
[2026-07-24T08:04:04.926Z] [INFO] Detected 139 total migrations. Filtered 139 to evaluate.
[2026-07-24T08:04:04.927Z] [PLAN] Evaluating Execution Plan for '000_core_rbac_functions.sql'...
[2026-07-24T08:04:04.930Z] [SUCCESS] Validation Passed for '000_core_rbac_functions.sql'. Target objects: []
[2026-07-24T08:04:04.936Z] [PLAN] Evaluating Execution Plan for '001_rbac_core.sql'...
[2026-07-24T08:04:04.938Z] [SUCCESS] Validation Passed for '001_rbac_core.sql'. Target objects: []
[2026-07-24T08:04:04.938Z] [PLAN] Evaluating Execution Plan for '002_foundation_schema.sql'...
[2026-07-24T08:04:04.940Z] [ERROR] [SAFETY VIOLATION] Migration '002_foundation_schema.sql' attempts to DROP protected object 'users'.
[2026-07-24T08:04:04.940Z] [ERROR] [SAFETY VIOLATION] Migration '002_foundation_schema.sql' attempts to DROP protected object 'roles'.
[2026-07-24T08:04:04.941Z] [ERROR] [SAFETY VIOLATION] Migration '002_foundation_schema.sql' attempts to DROP protected object 'permissions'.
[2026-07-24T08:04:04.941Z] [ERROR] [SAFETY VIOLATION] Migration '002_foundation_schema.sql' attempts to DROP protected object 'user_roles'.
[2026-07-24T08:04:04.942Z] [ERROR] [SAFETY VIOLATION] Migration '002_foundation_schema.sql' attempts to DROP protected object 'role_permissions'.
[2026-07-24T08:04:04.942Z] [ERROR] [SAFETY VIOLATION] Migration '002_foundation_schema.sql' attempts to DROP protected object 'schools'.
[2026-07-24T08:04:04.943Z] [ERROR] [SAFETY VIOLATION] Migration '002_foundation_schema.sql' attempts to DROP protected object 'academic_years'.
[2026-07-24T08:04:04.943Z] [ERROR] Validation Failed for '002_foundation_schema.sql': Migration '002_foundation_schema.sql' attempts to DROP protected object 'users'., Migration '002_foundation_schema.sql' attempts to DROP protected object 'roles'., Migration '002_foundation_schema.sql' attempts to DROP protected object 'permissions'., Migration '002_foundation_schema.sql' attempts to DROP protected object 'user_roles'., Migration '002_foundation_schema.sql' attempts to DROP protected object 'role_permissions'., Migration '002_foundation_schema.sql' attempts to DROP protected object 'schools'., Migration '002_foundation_schema.sql' attempts to DROP protected object 'academic_years'.
[2026-07-24T08:04:04.944Z] [PLAN] Evaluating Execution Plan for '003_admission_module.sql'...
[2026-07-24T08:04:04.946Z] [SUCCESS] Validation Passed for '003_admission_module.sql'. Target objects: []
[2026-07-24T08:04:04.947Z] [PLAN] Evaluating Execution Plan for '004_student_module.sql'...
[2026-07-24T08:04:04.948Z] [SUCCESS] Validation Passed for '004_student_module.sql'. Target objects: []
[2026-07-24T08:04:04.949Z] [PLAN] Evaluating Execution Plan for '005_academic_structure.sql'...
[2026-07-24T08:04:04.950Z] [SUCCESS] Validation Passed for '005_academic_structure.sql'. Target objects: []
[2026-07-24T08:04:04.950Z] [PLAN] Evaluating Execution Plan for '006_exam_module.sql'...
[2026-07-24T08:04:04.952Z] [SUCCESS] Validation Passed for '006_exam_module.sql'. Target objects: []
[2026-07-24T08:04:04.952Z] [PLAN] Evaluating Execution Plan for '007_attendance_module.sql'...
[2026-07-24T08:04:04.953Z] [SUCCESS] Validation Passed for '007_attendance_module.sql'. Target objects: []
[2026-07-24T08:04:04.953Z] [PLAN] Evaluating Execution Plan for '008_timetable_module.sql'...
[2026-07-24T08:04:04.954Z] [SUCCESS] Validation Passed for '008_timetable_module.sql'. Target objects: []
[2026-07-24T08:04:04.955Z] [PLAN] Evaluating Execution Plan for '009_analytics_module.sql'...
[2026-07-24T08:04:04.956Z] [SUCCESS] Validation Passed for '009_analytics_module.sql'. Target objects: []
[2026-07-24T08:04:04.957Z] [PLAN] Evaluating Execution Plan for '010_fees_module.sql'...
[2026-07-24T08:04:04.958Z] [SUCCESS] Validation Passed for '010_fees_module.sql'. Target objects: []
[2026-07-24T08:04:04.958Z] [PLAN] Evaluating Execution Plan for '011_transport_module.sql'...
[2026-07-24T08:04:04.959Z] [SUCCESS] Validation Passed for '011_transport_module.sql'. Target objects: []
[2026-07-24T08:04:04.960Z] [PLAN] Evaluating Execution Plan for '012_hardening_and_indexes.sql'...
[2026-07-24T08:04:04.961Z] [SUCCESS] Validation Passed for '012_hardening_and_indexes.sql'. Target objects: []
[2026-07-24T08:04:04.961Z] [PLAN] Evaluating Execution Plan for '013_auth_sync_trigger.sql'...
[2026-07-24T08:04:04.963Z] [SUCCESS] Validation Passed for '013_auth_sync_trigger.sql'. Target objects: []
[2026-07-24T08:04:04.963Z] [PLAN] Evaluating Execution Plan for '014_admission_module_v2.sql'...
[2026-07-24T08:04:04.965Z] [SUCCESS] Validation Passed for '014_admission_module_v2.sql'. Target objects: []
[2026-07-24T08:04:04.965Z] [PLAN] Evaluating Execution Plan for '015_admission_password.sql'...
[2026-07-24T08:04:04.966Z] [SUCCESS] Validation Passed for '015_admission_password.sql'. Target objects: []
[2026-07-24T08:04:04.966Z] [PLAN] Evaluating Execution Plan for '016_admission_seeds.sql'...
[2026-07-24T08:04:04.968Z] [SUCCESS] Validation Passed for '016_admission_seeds.sql'. Target objects: []
[2026-07-24T08:04:04.968Z] [PLAN] Evaluating Execution Plan for '017_Fee_module.sql'...
[2026-07-24T08:04:04.969Z] [SUCCESS] Validation Passed for '017_Fee_module.sql'. Target objects: []
[2026-07-24T08:04:04.970Z] [PLAN] Evaluating Execution Plan for '018_Enhance_Fee_Structure.sql'...
[2026-07-24T08:04:04.971Z] [SUCCESS] Validation Passed for '018_Enhance_Fee_Structure.sql'. Target objects: []
[2026-07-24T08:04:04.972Z] [PLAN] Evaluating Execution Plan for '019_admission_payment_workflow.sql'...
[2026-07-24T08:04:04.973Z] [SUCCESS] Validation Passed for '019_admission_payment_workflow.sql'. Target objects: []
[2026-07-24T08:04:04.974Z] [PLAN] Evaluating Execution Plan for '020_login_approval_system.sql'...
[2026-07-24T08:04:04.975Z] [SUCCESS] Validation Passed for '020_login_approval_system.sql'. Target objects: []
[2026-07-24T08:04:04.976Z] [PLAN] Evaluating Execution Plan for '021_classwork_assignments.sql'...
[2026-07-24T08:04:04.977Z] [SUCCESS] Validation Passed for '021_classwork_assignments.sql'. Target objects: []
[2026-07-24T08:04:04.977Z] [PLAN] Evaluating Execution Plan for '022_academic_automation.sql'...
[2026-07-24T08:04:04.978Z] [SUCCESS] Validation Passed for '022_academic_automation.sql'. Target objects: []
[2026-07-24T08:04:04.979Z] [PLAN] Evaluating Execution Plan for '023_exam_ownership.sql'...
[2026-07-24T08:04:04.980Z] [SUCCESS] Validation Passed for '023_exam_ownership.sql'. Target objects: []
[2026-07-24T08:04:04.981Z] [PLAN] Evaluating Execution Plan for '024_transport_phase1.sql'...
[2026-07-24T08:04:04.982Z] [SUCCESS] Validation Passed for '024_transport_phase1.sql'. Target objects: [public]
[2026-07-24T08:04:04.982Z] [PLAN] Evaluating Execution Plan for '025_transport_phase2.sql'...
[2026-07-24T08:04:04.983Z] [SUCCESS] Validation Passed for '025_transport_phase2.sql'. Target objects: []
[2026-07-24T08:04:04.984Z] [PLAN] Evaluating Execution Plan for '026_transport_phase3.sql'...
[2026-07-24T08:04:04.986Z] [SUCCESS] Validation Passed for '026_transport_phase3.sql'. Target objects: []
[2026-07-24T08:04:04.986Z] [PLAN] Evaluating Execution Plan for '027_transport_phase4.sql'...
[2026-07-24T08:04:04.989Z] [SUCCESS] Validation Passed for '027_transport_phase4.sql'. Target objects: []
[2026-07-24T08:04:04.990Z] [PLAN] Evaluating Execution Plan for '028_transport_phase5.sql'...
[2026-07-24T08:04:04.991Z] [SUCCESS] Validation Passed for '028_transport_phase5.sql'. Target objects: []
[2026-07-24T08:04:04.991Z] [PLAN] Evaluating Execution Plan for '029_transport_fee_integration.sql'...
[2026-07-24T08:04:04.993Z] [SUCCESS] Validation Passed for '029_transport_fee_integration.sql'. Target objects: []
[2026-07-24T08:04:04.994Z] [PLAN] Evaluating Execution Plan for '030_transport_fee_integration_final.sql'...
[2026-07-24T08:04:04.996Z] [SUCCESS] Validation Passed for '030_transport_fee_integration_final.sql'. Target objects: []
[2026-07-24T08:04:04.996Z] [PLAN] Evaluating Execution Plan for '031_transport_analytics.sql'...
[2026-07-24T08:04:04.997Z] [SUCCESS] Validation Passed for '031_transport_analytics.sql'. Target objects: []
[2026-07-24T08:04:04.998Z] [PLAN] Evaluating Execution Plan for '032_add_parent_details.sql'...
[2026-07-24T08:04:04.999Z] [SUCCESS] Validation Passed for '032_add_parent_details.sql'. Target objects: []
[2026-07-24T08:04:04.999Z] [PLAN] Evaluating Execution Plan for '032_transport_admin_parity.sql'...
[2026-07-24T08:04:05.000Z] [SUCCESS] Validation Passed for '032_transport_admin_parity.sql'. Target objects: []
[2026-07-24T08:04:05.001Z] [PLAN] Evaluating Execution Plan for '032_transport_exceptions.sql'...
[2026-07-24T08:04:05.002Z] [SUCCESS] Validation Passed for '032_transport_exceptions.sql'. Target objects: []
[2026-07-24T08:04:05.003Z] [PLAN] Evaluating Execution Plan for '033_transport_compliance_phase1.sql'...
[2026-07-24T08:04:05.005Z] [SUCCESS] Validation Passed for '033_transport_compliance_phase1.sql'. Target objects: []
[2026-07-24T08:04:05.005Z] [PLAN] Evaluating Execution Plan for '034_transport_audit_phase2.sql'...
[2026-07-24T08:04:05.006Z] [SUCCESS] Validation Passed for '034_transport_audit_phase2.sql'. Target objects: []
[2026-07-24T08:04:05.007Z] [PLAN] Evaluating Execution Plan for '035_transport_safety_phase4.sql'...
[2026-07-24T08:04:05.008Z] [SUCCESS] Validation Passed for '035_transport_safety_phase4.sql'. Target objects: []
[2026-07-24T08:04:05.008Z] [PLAN] Evaluating Execution Plan for '036_transport_attendance_phase5.sql'...
[2026-07-24T08:04:05.009Z] [SUCCESS] Validation Passed for '036_transport_attendance_phase5.sql'. Target objects: []
[2026-07-24T08:04:05.010Z] [PLAN] Evaluating Execution Plan for '037_transport_dashboards_phase6.sql'...
[2026-07-24T08:04:05.011Z] [SUCCESS] Validation Passed for '037_transport_dashboards_phase6.sql'. Target objects: []
[2026-07-24T08:04:05.012Z] [PLAN] Evaluating Execution Plan for '038_transport_retention_phase7.sql'...
[2026-07-24T08:04:05.013Z] [SUCCESS] Validation Passed for '038_transport_retention_phase7.sql'. Target objects: []
[2026-07-24T08:04:05.013Z] [PLAN] Evaluating Execution Plan for '039_import_system_phase1.sql'...
[2026-07-24T08:04:05.014Z] [SUCCESS] Validation Passed for '039_import_system_phase1.sql'. Target objects: []
[2026-07-24T08:04:05.015Z] [PLAN] Evaluating Execution Plan for '040_import_system_fix_constraints.sql'...
[2026-07-24T08:04:05.016Z] [SUCCESS] Validation Passed for '040_import_system_fix_constraints.sql'. Target objects: []
[2026-07-24T08:04:05.016Z] [PLAN] Evaluating Execution Plan for '041_fix_driver_role.sql'...
[2026-07-24T08:04:05.017Z] [SUCCESS] Validation Passed for '041_fix_driver_role.sql'. Target objects: []
[2026-07-24T08:04:05.018Z] [PLAN] Evaluating Execution Plan for '042_faculty_staff_subjects.sql'...
[2026-07-24T08:04:05.020Z] [SUCCESS] Validation Passed for '042_faculty_staff_subjects.sql'. Target objects: []
[2026-07-24T08:04:05.021Z] [PLAN] Evaluating Execution Plan for '043_department_permissions.sql'...
[2026-07-24T08:04:05.022Z] [SUCCESS] Validation Passed for '043_department_permissions.sql'. Target objects: []
[2026-07-24T08:04:05.023Z] [PLAN] Evaluating Execution Plan for '044_extend_import_jobs_entity_type.sql'...
[2026-07-24T08:04:05.024Z] [SUCCESS] Validation Passed for '044_extend_import_jobs_entity_type.sql'. Target objects: []
[2026-07-24T08:04:05.024Z] [PLAN] Evaluating Execution Plan for '045_add_designation_to_staff.sql'...
[2026-07-24T08:04:05.025Z] [SUCCESS] Validation Passed for '045_add_designation_to_staff.sql'. Target objects: []
[2026-07-24T08:04:05.026Z] [PLAN] Evaluating Execution Plan for '046_add_type_credits_to_subjects.sql'...
[2026-07-24T08:04:05.027Z] [SUCCESS] Validation Passed for '046_add_type_credits_to_subjects.sql'. Target objects: []
[2026-07-24T08:04:05.028Z] [PLAN] Evaluating Execution Plan for '047_admission_fee_snapshotting.sql'...
[2026-07-24T08:04:05.029Z] [SUCCESS] Validation Passed for '047_admission_fee_snapshotting.sql'. Target objects: []
[2026-07-24T08:04:05.030Z] [PLAN] Evaluating Execution Plan for '048_enhance_attendance_period_wise.sql'...
[2026-07-24T08:04:05.031Z] [SUCCESS] Validation Passed for '048_enhance_attendance_period_wise.sql'. Target objects: []
[2026-07-24T08:04:05.031Z] [PLAN] Evaluating Execution Plan for '049_create_exam_schedules.sql'...
[2026-07-24T08:04:05.032Z] [SUCCESS] Validation Passed for '049_create_exam_schedules.sql'. Target objects: [exam_schedules]
[2026-07-24T08:04:05.033Z] [PLAN] Evaluating Execution Plan for '050_grading_system.sql'...
[2026-07-24T08:04:05.034Z] [SUCCESS] Validation Passed for '050_grading_system.sql'. Target objects: [student_result_summaries, grading_scales]
[2026-07-24T08:04:05.035Z] [PLAN] Evaluating Execution Plan for '051_exam_publishing.sql'...
[2026-07-24T08:04:05.037Z] [SUCCESS] Validation Passed for '051_exam_publishing.sql'. Target objects: [exam_audit_logs]
[2026-07-24T08:04:05.039Z] [PLAN] Evaluating Execution Plan for '052_exam_seating.sql'...
[2026-07-24T08:04:05.041Z] [SUCCESS] Validation Passed for '052_exam_seating.sql'. Target objects: [exam_seating_allocations, exam_halls]
[2026-07-24T08:04:05.041Z] [PLAN] Evaluating Execution Plan for '053_exam_question_papers.sql'...
[2026-07-24T08:04:05.042Z] [SUCCESS] Validation Passed for '053_exam_question_papers.sql'. Target objects: [exam_question_papers]
[2026-07-24T08:04:05.043Z] [PLAN] Evaluating Execution Plan for '055_enhance_exams_table.sql'...
[2026-07-24T08:04:05.044Z] [SUCCESS] Validation Passed for '055_enhance_exams_table.sql'. Target objects: []
[2026-07-24T08:04:05.044Z] [PLAN] Evaluating Execution Plan for '056_add_contact_to_students.sql'...
[2026-07-24T08:04:05.045Z] [SUCCESS] Validation Passed for '056_add_contact_to_students.sql'. Target objects: []
[2026-07-24T08:04:05.046Z] [PLAN] Evaluating Execution Plan for '057_academic_year_lifecycle.sql'...
[2026-07-24T08:04:05.047Z] [SUCCESS] Validation Passed for '057_academic_year_lifecycle.sql'. Target objects: []
[2026-07-24T08:04:05.047Z] [PLAN] Evaluating Execution Plan for '058_section_capacity_guard.sql'...
[2026-07-24T08:04:05.049Z] [SUCCESS] Validation Passed for '058_section_capacity_guard.sql'. Target objects: []
[2026-07-24T08:04:05.049Z] [PLAN] Evaluating Execution Plan for '060_attendance_foundation_hardening.sql'...
[2026-07-24T08:04:05.050Z] [SUCCESS] Validation Passed for '060_attendance_foundation_hardening.sql'. Target objects: []
[2026-07-24T08:04:05.051Z] [PLAN] Evaluating Execution Plan for '061_fee_term_hardening.sql'...
[2026-07-24T08:04:05.054Z] [SUCCESS] Validation Passed for '061_fee_term_hardening.sql'. Target objects: []
[2026-07-24T08:04:05.055Z] [PLAN] Evaluating Execution Plan for '062_eligibility_snapshot_hardening.sql'...
[2026-07-24T08:04:05.057Z] [SUCCESS] Validation Passed for '062_eligibility_snapshot_hardening.sql'. Target objects: []
[2026-07-24T08:04:05.057Z] [PLAN] Evaluating Execution Plan for '063_exam_lifecycle_hardening.sql'...
[2026-07-24T08:04:05.059Z] [SUCCESS] Validation Passed for '063_exam_lifecycle_hardening.sql'. Target objects: []
[2026-07-24T08:04:05.059Z] [PLAN] Evaluating Execution Plan for '064_exam_reporting_analytics.sql'...
[2026-07-24T08:04:05.061Z] [SUCCESS] Validation Passed for '064_exam_reporting_analytics.sql'. Target objects: []
[2026-07-24T08:04:05.061Z] [PLAN] Evaluating Execution Plan for '066_exam_bootstrap.sql'...
[2026-07-24T08:04:05.063Z] [SUCCESS] Validation Passed for '066_exam_bootstrap.sql'. Target objects: []
[2026-07-24T08:04:05.063Z] [PLAN] Evaluating Execution Plan for '067_admin_bridge.sql'...
[2026-07-24T08:04:05.064Z] [SUCCESS] Validation Passed for '067_admin_bridge.sql'. Target objects: []
[2026-07-24T08:04:05.064Z] [PLAN] Evaluating Execution Plan for '068_exam_seating_orchestration.sql'...
[2026-07-24T08:04:05.066Z] [SUCCESS] Validation Passed for '068_exam_seating_orchestration.sql'. Target objects: []
[2026-07-24T08:04:05.066Z] [PLAN] Evaluating Execution Plan for '069_exam_seating_lock.sql'...
[2026-07-24T08:04:05.067Z] [SUCCESS] Validation Passed for '069_exam_seating_lock.sql'. Target objects: []
[2026-07-24T08:04:05.070Z] [PLAN] Evaluating Execution Plan for '070_atomic_seating_generation.sql'...
[2026-07-24T08:04:05.072Z] [SUCCESS] Validation Passed for '070_atomic_seating_generation.sql'. Target objects: []
[2026-07-24T08:04:05.073Z] [PLAN] Evaluating Execution Plan for '071_seating_publish_hardening.sql'...
[2026-07-24T08:04:05.075Z] [SUCCESS] Validation Passed for '071_seating_publish_hardening.sql'. Target objects: []
[2026-07-24T08:04:05.077Z] [PLAN] Evaluating Execution Plan for '072_exam_hall_management.sql'...
[2026-07-24T08:04:05.079Z] [SUCCESS] Validation Passed for '072_exam_hall_management.sql'. Target objects: []
[2026-07-24T08:04:05.079Z] [PLAN] Evaluating Execution Plan for '073_exam_lifecycle_hardening.sql'...
[2026-07-24T08:04:05.080Z] [SUCCESS] Validation Passed for '073_exam_lifecycle_hardening.sql'. Target objects: []
[2026-07-24T08:04:05.081Z] [PLAN] Evaluating Execution Plan for '074_exam_versioning.sql'...
[2026-07-24T08:04:05.082Z] [SUCCESS] Validation Passed for '074_exam_versioning.sql'. Target objects: []
[2026-07-24T08:04:05.083Z] [PLAN] Evaluating Execution Plan for '075_fix_seating_generation.sql'...
[2026-07-24T08:04:05.085Z] [SUCCESS] Validation Passed for '075_fix_seating_generation.sql'. Target objects: []
[2026-07-24T08:04:05.087Z] [PLAN] Evaluating Execution Plan for '076_fix_missing_seating_schema.sql'...
[2026-07-24T08:04:05.089Z] [SUCCESS] Validation Passed for '076_fix_missing_seating_schema.sql'. Target objects: []
[2026-07-24T08:04:05.090Z] [PLAN] Evaluating Execution Plan for '077_result_hardening.sql'...
[2026-07-24T08:04:05.093Z] [SUCCESS] Validation Passed for '077_result_hardening.sql'. Target objects: []
[2026-07-24T08:04:05.094Z] [PLAN] Evaluating Execution Plan for '078_progress_report_extension.sql'...
[2026-07-24T08:04:05.095Z] [SUCCESS] Validation Passed for '078_progress_report_extension.sql'. Target objects: []
[2026-07-24T08:04:05.096Z] [PLAN] Evaluating Execution Plan for '079_marks_validation.sql'...
[2026-07-24T08:04:05.098Z] [SUCCESS] Validation Passed for '079_marks_validation.sql'. Target objects: []
[2026-07-24T08:04:05.098Z] [PLAN] Evaluating Execution Plan for '080_admission_sprint1_foundation.sql'...
[2026-07-24T08:04:05.100Z] [SUCCESS] Validation Passed for '080_admission_sprint1_foundation.sql'. Target objects: []
[2026-07-24T08:04:05.101Z] [PLAN] Evaluating Execution Plan for '081_admission_sprint2_crm_fields.sql'...
[2026-07-24T08:04:05.105Z] [SUCCESS] Validation Passed for '081_admission_sprint2_crm_fields.sql'. Target objects: []
[2026-07-24T08:04:05.106Z] [PLAN] Evaluating Execution Plan for '082_admission_sprint3_application.sql'...
[2026-07-24T08:04:05.108Z] [SUCCESS] Validation Passed for '082_admission_sprint3_application.sql'. Target objects: []
[2026-07-24T08:04:05.109Z] [PLAN] Evaluating Execution Plan for '083_admission_sprint4_documents.sql'...
[2026-07-24T08:04:05.111Z] [SUCCESS] Validation Passed for '083_admission_sprint4_documents.sql'. Target objects: []
[2026-07-24T08:04:05.112Z] [PLAN] Evaluating Execution Plan for '084_admission_sprint5_evaluation.sql'...
[2026-07-24T08:04:05.114Z] [SUCCESS] Validation Passed for '084_admission_sprint5_evaluation.sql'. Target objects: []
[2026-07-24T08:04:05.115Z] [PLAN] Evaluating Execution Plan for '085_admission_sprint6_enrollment.sql'...
[2026-07-24T08:04:05.116Z] [SUCCESS] Validation Passed for '085_admission_sprint6_enrollment.sql'. Target objects: []
[2026-07-24T08:04:05.117Z] [PLAN] Evaluating Execution Plan for '086_receptionist_enquiry_view.sql'...
[2026-07-24T08:04:05.118Z] [SUCCESS] Validation Passed for '086_receptionist_enquiry_view.sql'. Target objects: []
[2026-07-24T08:04:05.119Z] [PLAN] Evaluating Execution Plan for '086_student_master.sql'...
[2026-07-24T08:04:05.123Z] [SUCCESS] Validation Passed for '086_student_master.sql'. Target objects: []
[2026-07-24T08:04:05.124Z] [PLAN] Evaluating Execution Plan for '087_student_attendance.sql'...
[2026-07-24T08:04:05.127Z] [SUCCESS] Validation Passed for '087_student_attendance.sql'. Target objects: []
[2026-07-24T08:04:05.128Z] [PLAN] Evaluating Execution Plan for '088_workflow_automation_engine.sql'...
[2026-07-24T08:04:05.129Z] [SUCCESS] Validation Passed for '088_workflow_automation_engine.sql'. Target objects: []
[2026-07-24T08:04:05.130Z] [PLAN] Evaluating Execution Plan for '089_counselor_application_view.sql'...
[2026-07-24T08:04:05.131Z] [SUCCESS] Validation Passed for '089_counselor_application_view.sql'. Target objects: []
[2026-07-24T08:04:05.131Z] [PLAN] Evaluating Execution Plan for '090_counselor_document_permissions.sql'...
[2026-07-24T08:04:05.132Z] [SUCCESS] Validation Passed for '090_counselor_document_permissions.sql'. Target objects: []
[2026-07-24T08:04:05.132Z] [PLAN] Evaluating Execution Plan for '091_admission_stage31_checklist_seed.sql'...
[2026-07-24T08:04:05.133Z] [SUCCESS] Validation Passed for '091_admission_stage31_checklist_seed.sql'. Target objects: []
[2026-07-24T08:04:05.134Z] [PLAN] Evaluating Execution Plan for '092_admission_atomic_erp_provision.sql'...
[2026-07-24T08:04:05.137Z] [SUCCESS] Validation Passed for '092_admission_atomic_erp_provision.sql'. Target objects: []
[2026-07-24T08:04:05.138Z] [PLAN] Evaluating Execution Plan for '093_admission_stage32_rbac_permissions.sql'...
[2026-07-24T08:04:05.139Z] [SUCCESS] Validation Passed for '093_admission_stage32_rbac_permissions.sql'. Target objects: []
[2026-07-24T08:04:05.140Z] [PLAN] Evaluating Execution Plan for '094_interview_exam_cell_workflow.sql'...
[2026-07-24T08:04:05.141Z] [SUCCESS] Validation Passed for '094_interview_exam_cell_workflow.sql'. Target objects: []
[2026-07-24T08:04:05.142Z] [PLAN] Evaluating Execution Plan for '095_admission_erp_provision_hybrid_students.sql'...
[2026-07-24T08:04:05.144Z] [SUCCESS] Validation Passed for '095_admission_erp_provision_hybrid_students.sql'. Target objects: []
[2026-07-24T08:04:05.145Z] [PLAN] Evaluating Execution Plan for '096_admission_parent_portal_rbac.sql'...
[2026-07-24T08:04:05.145Z] [SUCCESS] Validation Passed for '096_admission_parent_portal_rbac.sql'. Target objects: []
[2026-07-24T08:04:05.146Z] [PLAN] Evaluating Execution Plan for '097_admission_parent_portal_fees_rbac.sql'...
[2026-07-24T08:04:05.147Z] [SUCCESS] Validation Passed for '097_admission_parent_portal_fees_rbac.sql'. Target objects: []
[2026-07-24T08:04:05.147Z] [PLAN] Evaluating Execution Plan for '098_finance_permission_alignment.sql'...
[2026-07-24T08:04:05.148Z] [SUCCESS] Validation Passed for '098_finance_permission_alignment.sql'. Target objects: []
[2026-07-24T08:04:05.149Z] [PLAN] Evaluating Execution Plan for '099_finance_module_production.sql'...
[2026-07-24T08:04:05.150Z] [SUCCESS] Validation Passed for '099_finance_module_production.sql'. Target objects: []
[2026-07-24T08:04:05.151Z] [PLAN] Evaluating Execution Plan for '100_finance_settings.sql'...
[2026-07-24T08:04:05.154Z] [SUCCESS] Validation Passed for '100_finance_settings.sql'. Target objects: []
[2026-07-24T08:04:05.155Z] [PLAN] Evaluating Execution Plan for '101_admission_assessment_engine.sql'...
[2026-07-24T08:04:05.157Z] [SUCCESS] Validation Passed for '101_admission_assessment_engine.sql'. Target objects: []
[2026-07-24T08:04:05.158Z] [PLAN] Evaluating Execution Plan for '102_admission_assessment_rbac.sql'...
[2026-07-24T08:04:05.158Z] [SUCCESS] Validation Passed for '102_admission_assessment_rbac.sql'. Target objects: []
[2026-07-24T08:04:05.159Z] [PLAN] Evaluating Execution Plan for '103_exam_cell_merit_offer_permissions.sql'...
[2026-07-24T08:04:05.160Z] [SUCCESS] Validation Passed for '103_exam_cell_merit_offer_permissions.sql'. Target objects: []
[2026-07-24T08:04:05.161Z] [PLAN] Evaluating Execution Plan for '104_assessment_foundation.sql'...
[2026-07-24T08:04:05.162Z] [SUCCESS] Validation Passed for '104_assessment_foundation.sql'. Target objects: []
[2026-07-24T08:04:05.162Z] [PLAN] Evaluating Execution Plan for '105_assessment_question_bank.sql'...
[2026-07-24T08:04:05.164Z] [SUCCESS] Validation Passed for '105_assessment_question_bank.sql'. Target objects: []
[2026-07-24T08:04:05.165Z] [PLAN] Evaluating Execution Plan for '106_assessment_template_builder.sql'...
[2026-07-24T08:04:05.166Z] [SUCCESS] Validation Passed for '106_assessment_template_builder.sql'. Target objects: []
[2026-07-24T08:04:05.167Z] [PLAN] Evaluating Execution Plan for '107_assessment_platform_rbac_permissions.sql'...
[2026-07-24T08:04:05.170Z] [SUCCESS] Validation Passed for '107_assessment_platform_rbac_permissions.sql'. Target objects: []
[2026-07-24T08:04:05.170Z] [PLAN] Evaluating Execution Plan for '108_exams_status_check_published.sql'...
[2026-07-24T08:04:05.172Z] [SUCCESS] Validation Passed for '108_exams_status_check_published.sql'. Target objects: []
[2026-07-24T08:04:05.173Z] [PLAN] Evaluating Execution Plan for '109_assessment_delivery_and_results_schema.sql'...
[2026-07-24T08:04:05.177Z] [SUCCESS] Validation Passed for '109_assessment_delivery_and_results_schema.sql'. Target objects: []
[2026-07-24T08:04:05.177Z] [PLAN] Evaluating Execution Plan for '110_extend_assessment_configurations.sql'...
[2026-07-24T08:04:05.179Z] [SUCCESS] Validation Passed for '110_extend_assessment_configurations.sql'. Target objects: []
[2026-07-24T08:04:05.179Z] [PLAN] Evaluating Execution Plan for '111_expand_question_bank.sql'...
[2026-07-24T08:04:05.180Z] [SUCCESS] Validation Passed for '111_expand_question_bank.sql'. Target objects: []
[2026-07-24T08:04:05.181Z] [PLAN] Evaluating Execution Plan for '112_assessment_blueprint_engine.sql'...
[2026-07-24T08:04:05.182Z] [SUCCESS] Validation Passed for '112_assessment_blueprint_engine.sql'. Target objects: []
[2026-07-24T08:04:05.184Z] [PLAN] Evaluating Execution Plan for '113_assessment_template_engine.sql'...
[2026-07-24T08:04:05.188Z] [ERROR] [SAFETY VIOLATION] Migration '113_assessment_template_engine.sql' attempts to DROP protected object 'assessment_templates'.
[2026-07-24T08:04:05.189Z] [ERROR] Validation Failed for '113_assessment_template_engine.sql': Migration '113_assessment_template_engine.sql' attempts to DROP protected object 'assessment_templates'.
[2026-07-24T08:04:05.189Z] [PLAN] Evaluating Execution Plan for '114_assessment_paper_generator.sql'...
[2026-07-24T08:04:05.191Z] [SUCCESS] Validation Passed for '114_assessment_paper_generator.sql'. Target objects: []
[2026-07-24T08:04:05.192Z] [PLAN] Evaluating Execution Plan for '116_assessment_evaluation_engine.sql'...
[2026-07-24T08:04:05.194Z] [SUCCESS] Validation Passed for '116_assessment_evaluation_engine.sql'. Target objects: []
[2026-07-24T08:04:05.194Z] [PLAN] Evaluating Execution Plan for '117_assessment_result_engine.sql'...
[2026-07-24T08:04:05.197Z] [SUCCESS] Validation Passed for '117_assessment_result_engine.sql'. Target objects: []
[2026-07-24T08:04:05.197Z] [PLAN] Evaluating Execution Plan for '118_assessment_analytics_engine.sql'...
[2026-07-24T08:04:05.199Z] [SUCCESS] Validation Passed for '118_assessment_analytics_engine.sql'. Target objects: []
[2026-07-24T08:04:05.200Z] [PLAN] Evaluating Execution Plan for '119_academic_records_engine.sql'...
[2026-07-24T08:04:05.203Z] [SUCCESS] Validation Passed for '119_academic_records_engine.sql'. Target objects: []
[2026-07-24T08:04:05.204Z] [PLAN] Evaluating Execution Plan for '120_attendance_engine.sql'...
[2026-07-24T08:04:05.205Z] [SUCCESS] Validation Passed for '120_attendance_engine.sql'. Target objects: []
[2026-07-24T08:04:05.206Z] [PLAN] Evaluating Execution Plan for '122_remove_fees_module.sql'...
[2026-07-24T08:04:05.207Z] [SUCCESS] Validation Passed for '122_remove_fees_module.sql'. Target objects: []
[2026-07-24T08:04:05.207Z] [PLAN] Evaluating Execution Plan for '123_remove_transport_module.sql'...
[2026-07-24T08:04:05.208Z] [SUCCESS] Validation Passed for '123_remove_transport_module.sql'. Target objects: []
[2026-07-24T08:04:05.208Z] [PLAN] Evaluating Execution Plan for '124_remove_hostel_module.sql'...
[2026-07-24T08:04:05.209Z] [SUCCESS] Validation Passed for '124_remove_hostel_module.sql'. Target objects: []
[2026-07-24T08:04:05.209Z] [PLAN] Evaluating Execution Plan for '125_remove_attendance_module.sql'...
[2026-07-24T08:04:05.210Z] [SUCCESS] Validation Passed for '125_remove_attendance_module.sql'. Target objects: []
[2026-07-24T08:04:05.211Z] [PLAN] Evaluating Execution Plan for '126_remove_timetable_module.sql'...
[2026-07-24T08:04:05.212Z] [SUCCESS] Validation Passed for '126_remove_timetable_module.sql'. Target objects: []
[2026-07-24T08:04:05.212Z] [PLAN] Evaluating Execution Plan for '127_remove_staff_module.sql'...
[2026-07-24T08:04:05.213Z] [SUCCESS] Validation Passed for '127_remove_staff_module.sql'. Target objects: []
[2026-07-24T08:04:05.213Z] [PLAN] Evaluating Execution Plan for '128_remove_student_module.sql'...
[2026-07-24T08:04:05.214Z] [SUCCESS] Validation Passed for '128_remove_student_module.sql'. Target objects: []
[2026-07-24T08:04:05.214Z] [PLAN] Evaluating Execution Plan for '129_remove_exam_module.sql'...
[2026-07-24T08:04:05.215Z] [SUCCESS] Validation Passed for '129_remove_exam_module.sql'. Target objects: []
[2026-07-24T08:04:05.215Z] [PLAN] Evaluating Execution Plan for '130_cleanup_decommissioned_permissions.sql'...
[2026-07-24T08:04:05.216Z] [SUCCESS] Validation Passed for '130_cleanup_decommissioned_permissions.sql'. Target objects: []
[2026-07-24T08:04:05.217Z] [PLAN] Evaluating Execution Plan for '131_decommission_fees.sql'...
[2026-07-24T08:04:05.218Z] [SUCCESS] Validation Passed for '131_decommission_fees.sql'. Target objects: [fee_payments, student_ledgers, student_fee_demands, fee_demands, fee_components, fee_structures, finance_settings]
[2026-07-24T08:04:05.219Z] [PLAN] Evaluating Execution Plan for '132_decommission_transport.sql'...
[2026-07-24T08:04:05.220Z] [SUCCESS] Validation Passed for '132_decommission_transport.sql'. Target objects: [transport_attendances, transport_schedules, transport_allocations, transport_stops, transport_drivers, transport_vehicles, transport_routes, transport_fees]
[2026-07-24T08:04:05.221Z] [PLAN] Evaluating Execution Plan for '133_decommission_hostel.sql'...
[2026-07-24T08:04:05.222Z] [SUCCESS] Validation Passed for '133_decommission_hostel.sql'. Target objects: [hostel_allocations, hostel_beds, hostel_rooms, hostel_buildings, hostel_fees]
[2026-07-24T08:04:05.223Z] [PLAN] Evaluating Execution Plan for '134_decommission_attendance.sql'...
[2026-07-24T08:04:05.224Z] [SUCCESS] Validation Passed for '134_decommission_attendance.sql'. Target objects: [attendance_logs, attendance_leaves, staff_attendance, attendance_records, attendance_sessions]
[2026-07-24T08:04:05.224Z] [PLAN] Evaluating Execution Plan for '135_decommission_timetable.sql'...
[2026-07-24T08:04:05.225Z] [SUCCESS] Validation Passed for '135_decommission_timetable.sql'. Target objects: [timetable_slots, timetable_periods, timetable_configs, timetables]
[2026-07-24T08:04:05.226Z] [PLAN] Evaluating Execution Plan for '136_decommission_staff.sql'...
[2026-07-24T08:04:05.227Z] [SUCCESS] Validation Passed for '136_decommission_staff.sql'. Target objects: [staff_salary, staff_leave, staff_documents, employee_profiles, employees, staff_profiles]
[2026-07-24T08:04:05.227Z] [PLAN] Evaluating Execution Plan for '137_decommission_student.sql'...
[2026-07-24T08:04:05.228Z] [SUCCESS] Validation Passed for '137_decommission_student.sql'. Target objects: [student_history, student_promotions, student_roll_numbers, student_status, student_medical, student_documents, student_contacts, student_guardians, student_profiles]
[2026-07-24T08:04:05.229Z] [PLAN] Evaluating Execution Plan for '138_cleanup_permissions.sql'...
[2026-07-24T08:04:05.230Z] [SUCCESS] Validation Passed for '138_cleanup_permissions.sql'. Target objects: []
[2026-07-24T08:04:05.230Z] [PLAN] Evaluating Execution Plan for '139_cleanup_views.sql'...
[2026-07-24T08:04:05.231Z] [SUCCESS] Validation Passed for '139_cleanup_views.sql'. Target objects: []
[2026-07-24T08:04:05.232Z] [PLAN] Evaluating Execution Plan for '140_cleanup_functions.sql'...
[2026-07-24T08:04:05.233Z] [SUCCESS] Validation Passed for '140_cleanup_functions.sql'. Target objects: []
[2026-07-24T08:04:05.235Z] [SUCCESS] Dry-run migration report generated at 'C:\Users\DELL\OneDrive\Desktop\School_Management_System\backend\reports\migration-report.md'.
